[{row0:{x:+0.186169,y:-0.182915,z:+0.96534,t:+0.0},row1:{x:+0.982517,y:+0.034658,z:-0.182915,t:+1.0},row2:{x:+1.788139e-7,y:+0.982517,z:+0.186169,t:+0.0},row3:{x:+0.0,y:+0.0,z:+0.0,t:+1.0}},{row0:{x:+0.454748,y:-0.405008,z:+0.793203,t:+0.248226},row1:{x:+0.890619,y:+0.206796,z:-0.405008,t:+2.310023},row2:{x:-2.980232e-8,y:+0.89062,z:+0.454748,t:+2.086162e-7},row3:{x:+0.0,y:+0.0,z:+0.0,t:+1.0}},{row0:{x:+0.568249,y:-0.467587,z:+0.677093,t:+0.854558},row1:{x:+0.822856,y:+0.322906,z:-0.467587,t:+3.497517},row2:{x:+2.086162e-7,y:+0.822856,z:+0.568248,t:+1.490116e-7},row3:{x:+0.0,y:+0.0,z:+0.0,t:+1.0}},{row0:{x:+0.585514,y:-0.474654,z:+0.657173,t:+1.612224},row1:{x:+0.810662,y:+0.342826,z:-0.474654,t:+4.594659},row2:{x:-1.788139e-7,y:+0.810662,z:+0.585513,t:+3.72529e-7},row3:{x:+0.0,y:+0.0,z:+0.0,t:+1.0}},{row0:{x:+0.534319,y:-0.451651,z:+0.714502,t:+2.39291},row1:{x:+0.845282,y:+0.285497,z:-0.451651,t:+5.675543},row2:{x:+2.086162e-7,y:+0.845282,z:+0.534319,t:+1.192092e-7},row3:{x:+0.0,y:+0.0,z:+0.0,t:+1.0}},{row0:{x:+0.414627,y:-0.377307,z:+0.828084,t:+3.105337},row1:{x:+0.909991,y:+0.171915,z:-0.377307,t:+6.802586},row2:{x:-1.788139e-7,y:+0.909991,z:+0.414627,t:+3.874302e-7},row3:{x:+0.0,y:+0.0,z:+0.0,t:+1.0}}]