==armLeft==
Arm:L
Arm:L.controls
Arm:L.controls.Arm:L
Arm:L.controls.Arm:L.inputs
Arm:L.controls.Arm:L.inputs.globalSRT
Arm:L.controls.Arm:L.inputs.root
Arm:L.controls.Arm:L.outputs
Arm:L.controls.Arm:L.outputs.bicep
Arm:L.controls.Arm:L.outputs.forearm
Arm:L.controls.Arm:L.outputs.wrist
Arm:L.controls.Arm:L.bicepFK
Arm:L.controls.Arm:L.bicepFK.bicepFK
Arm:L.controls.Arm:L.bicepFK.bicepFK.forearmFK
Arm:L.controls.Arm:L.bicepFK.bicepFK.forearmFK.forearmFK
Arm:L.controls.Arm:L.IK
Arm:L.controls.Arm:L.IK.IK
Arm:L.controls.Arm:L.ikPosition
Arm:L.controls.Arm:L.UpV
Arm:L.controls.Arm:L.UpV.UpV
Arm:L.deformers
Arm:L.deformers.Arm:L
Arm:L.deformers.Arm:L.bicep
Arm:L.deformers.Arm:L.forearm
Arm:L.deformers.Arm:L.wrist
