Failed to find DCC builder. Falling back to Python builder.
building:Leg as:LLeg
building:Leg.controls as:controls
building:Leg.controls.Leg as:Leg_L_cmp
building:Leg.controls.Leg.inputs as:Leg_L_inputs_hrc
building:Leg.controls.Leg.inputs.globalSRT as:Leg_L_globalSRT_cmpIn
building:Leg.controls.Leg.inputs.pelvisInput as:Leg_L_pelvisInput_cmpIn
building:Leg.controls.Leg.inputs.ikTarget as:Leg_L_ikTarget_cmpIn
building:Leg.controls.Leg.outputs as:Leg_L_outputs_hrc
building:Leg.controls.Leg.outputs.femur as:Leg_L_femur_cmpOut
building:Leg.controls.Leg.outputs.shin as:Leg_L_shin_cmpOut
building:Leg.controls.Leg.outputs.ikHandle as:Leg_L_ikHandle_cmpOut
building:Leg.controls.Leg.outputs.legEnd as:Leg_L_legEnd_cmpOut
building:Leg.controls.Leg.outputs.legEndFK as:Leg_L_legEndFK_cmpOut
building:Leg.controls.Leg.femurFK as:Leg_L_femurFK_ctrlSpace
building:Leg.controls.Leg.femurFK.femurFK as:Leg_L_femurFK_ctrl
building:Leg.controls.Leg.femurFK.femurFK.shinFK as:Leg_L_shinFK_ctrlSpace
building:Leg.controls.Leg.femurFK.femurFK.shinFK.shinFK as:Leg_L_shinFK_ctrl
building:Leg.controls.Leg.IK as:Leg_L_IK_ctrlSpace
building:Leg.controls.Leg.IK.IK as:Leg_L_IK_ctrl
building:Leg.controls.Leg.UpV as:Leg_L_UpV_ctrlSpace
building:Leg.controls.Leg.UpV.UpV as:Leg_L_UpV_ctrl
building:Leg.deformers as:deformers
building:Leg.deformers.Leg as:Leg_L_cmp
building:Leg.deformers.Leg.femur as:Leg_L_femur_def
building:Leg.deformers.Leg.shin as:Leg_L_shin_def
Leg:L
Leg:L.controls
Leg:L.controls.Leg:L
Leg:L.controls.Leg:L.inputs
Leg:L.controls.Leg:L.inputs.globalSRT
Leg:L.controls.Leg:L.inputs.pelvisInput
Leg:L.controls.Leg:L.inputs.ikTarget
Leg:L.controls.Leg:L.outputs
Leg:L.controls.Leg:L.outputs.femur
Leg:L.controls.Leg:L.outputs.shin
Leg:L.controls.Leg:L.outputs.ikHandle
Leg:L.controls.Leg:L.outputs.legEnd
Leg:L.controls.Leg:L.outputs.legEndFK
Leg:L.controls.Leg:L.femurFK
Leg:L.controls.Leg:L.femurFK.femurFK
Leg:L.controls.Leg:L.femurFK.femurFK.shinFK
Leg:L.controls.Leg:L.femurFK.femurFK.shinFK.shinFK
Leg:L.controls.Leg:L.IK
Leg:L.controls.Leg:L.IK.IK
Leg:L.controls.Leg:L.UpV
Leg:L.controls.Leg:L.UpV.UpV
Leg:L.deformers
Leg:L.deformers.Leg:L
Leg:L.deformers.Leg:L.femur
Leg:L.deformers.Leg:L.shin
