color0:Color(1.0,0.0,0.0,0.0)
color1:Color(1.0,0.0,0.0,0.0)
lerp:Color(1.0,0.0,0.0,0.0)
