Failed to find DCC builder. Falling back to Python builder.
building:Arm as:LArm
building:Arm.controls as:controls
building:Arm.controls.Arm as:Arm_L_cmp
building:Arm.controls.Arm.inputs as:Arm_L_inputs_hrc
building:Arm.controls.Arm.inputs.globalSRT as:Arm_L_globalSRT_cmpIn
building:Arm.controls.Arm.inputs.root as:Arm_L_root_cmpIn
building:Arm.controls.Arm.outputs as:Arm_L_outputs_hrc
building:Arm.controls.Arm.outputs.bicep as:Arm_L_bicep_cmpOut
building:Arm.controls.Arm.outputs.forearm as:Arm_L_forearm_cmpOut
building:Arm.controls.Arm.outputs.wrist as:Arm_L_wrist_cmpOut
building:Arm.controls.Arm.bicepFK as:Arm_L_bicepFK_ctrlSpace
building:Arm.controls.Arm.bicepFK.bicepFK as:Arm_L_bicepFK_ctrl
building:Arm.controls.Arm.bicepFK.bicepFK.forearmFK as:Arm_L_forearmFK_ctrlSpace
building:Arm.controls.Arm.bicepFK.bicepFK.forearmFK.forearmFK as:Arm_L_forearmFK_ctrl
building:Arm.controls.Arm.IK as:Arm_L_IK_ctrlSpace
building:Arm.controls.Arm.IK.IK as:Arm_L_IK_ctrl
building:Arm.controls.Arm.ikPosition as:Arm_L_ikPosition_null
building:Arm.controls.Arm.UpV as:Arm_L_UpV_ctrlSpace
building:Arm.controls.Arm.UpV.UpV as:Arm_L_UpV_ctrl
building:Arm.deformers as:deformers
building:Arm.deformers.Arm as:Arm_L_cmp
building:Arm.deformers.Arm.bicep as:Arm_L_bicep_def
building:Arm.deformers.Arm.forearm as:Arm_L_forearm_def
building:Arm.deformers.Arm.wrist as:Arm_L_wrist_def
Failed to find DCC builder. Falling back to Python builder.
building:Arm as:L_Arm
building:Arm.controls as:controls
building:Arm.controls.Arm as:L_Arm_cmp
building:Arm.controls.Arm.inputs as:L_Arm_inputs_hrc
building:Arm.controls.Arm.inputs.globalSRT as:L_Arm_globalSRT_cmpIn
building:Arm.controls.Arm.inputs.root as:L_Arm_root_cmpIn
building:Arm.controls.Arm.outputs as:L_Arm_outputs_hrc
building:Arm.controls.Arm.outputs.bicep as:L_Arm_bicep_cmpOut
building:Arm.controls.Arm.outputs.forearm as:L_Arm_forearm_cmpOut
building:Arm.controls.Arm.outputs.wrist as:L_Arm_wrist_cmpOut
building:Arm.controls.Arm.bicepFK as:L_Arm_bicepFK_ctrlSpace
building:Arm.controls.Arm.bicepFK.bicepFK as:L_Arm_bicepFK_ctrl
building:Arm.controls.Arm.bicepFK.bicepFK.forearmFK as:L_Arm_forearmFK_ctrlSpace
building:Arm.controls.Arm.bicepFK.bicepFK.forearmFK.forearmFK as:L_Arm_forearmFK_ctrl
building:Arm.controls.Arm.IK as:L_Arm_IK_ctrlSpace
building:Arm.controls.Arm.IK.IK as:L_Arm_IK_ctrl
building:Arm.controls.Arm.ikPosition as:L_Arm_ikPosition_null
building:Arm.controls.Arm.UpV as:L_Arm_UpV_ctrlSpace
building:Arm.controls.Arm.UpV.UpV as:L_Arm_UpV_ctrl
building:Arm.deformers as:deformers
building:Arm.deformers.Arm as:L_Arm_cmp
building:Arm.deformers.Arm.bicep as:L_Arm_bicep_def
building:Arm.deformers.Arm.forearm as:L_Arm_forearm_def
building:Arm.deformers.Arm.wrist as:L_Arm_wrist_def
